
Memory Configuration

Name             Origin             Length             Attributes
*default*        0x00000000         0xffffffff

Linker script and memory map

                0xff03f7c0                jiffies = jiffies64
                0xff008000                . = 0xff008000
                0xff008000                _start = .
                0xff008000                _stext = .

.text           0xff008000    0x1b7ec
 *(.text)
 .text          0xff008000      0x384 tegra/start.o
                0xff008000                text
                0xff008184                secondary_startup
                0xff0082a0                v7_invalidate_l1
                0xff00834c                sra_info_ptr
 .text          0xff008384    0x12b74 /home/nirvana/opensource/xen-arm/xen/common/built_in.o
                0xff008384                __bitmap_empty
                0xff008438                __bitmap_full
                0xff0084f4                __bitmap_equal
                0xff0085c8                __bitmap_complement
                0xff008694                __bitmap_and
                0xff00873c                __bitmap_or
                0xff0087e4                __bitmap_xor
                0xff00888c                __bitmap_andnot
                0xff008934                __bitmap_intersects
                0xff008a04                __bitmap_subset
                0xff008ad4                __bitmap_weight
                0xff008d9c                bitmap_find_free_region
                0xff008e44                bitmap_release_region
                0xff008e8c                bitmap_allocate_region
                0xff008f08                bitmap_scnlistprintf
                0xff008fec                bitmap_scnprintf
                0xff009174                __bitmap_shift_left
                0xff0093d0                __bitmap_shift_right
                0xff009960                do_dom0_op
                0xff00a700                domain_pause_by_systemcontroller
                0xff00a780                vcpu_pause
                0xff00a7d8                domain_pause
                0xff00a800                vm_assist
                0xff00a854                domain_unpause_by_systemcontroller
                0xff00a89c                vcpu_unpause
                0xff00a8fc                domain_unpause
                0xff00a924                vcpu_pause_nosync
                0xff00a940                domain_pause_for_debugger
                0xff00a9ac                boot_vcpu
                0xff00a9ec                do_vcpu_op
                0xff00ac54                set_info_guest
                0xff00acec                domain_destroy
                0xff00b004                domain_shutdown
                0xff00b0fc                __domain_crash
                0xff00b178                __domain_crash_synchronous
                0xff00b19c                domain_kill
                0xff00b240                find_domain_by_id
                0xff00b3a8                domain_create
                0xff00b840                loadelfimage
                0xff00b8fc                parseelfimage
                0xff00bd80                evtchn_init
                0xff00bdc8                evtchn_bind_vcpu
                0xff00be78                evtchn_alloc_unbound
                0xff00bfec                evtchn_set_pending
                0xff00c0cc                send_guest_event
                0xff00c0fc                send_guest_pirq
                0xff00c128                send_guest_virq
                0xff00c13c                evtchn_send
                0xff00c21c                __evtchn_close
                0xff00c5b4                evtchn_destroy
                0xff00c690                evtchn_close
                0xff00c6d4                do_event_channel_op
                0xff00ce38                grant_table_destroy
                0xff00cebc                grant_table_create
                0xff00d0a8                gnttab_release_mappings
                0xff00d41c                do_grant_table_op
                0xff00ea28                add_taint
                0xff00ea40                do_ni_hypercall
                0xff00ea54                do_vm_assist
                0xff00ea74                do_nmi_op
                0xff00eae8                print_tainted
                0xff00eb64                cmdline_parse
                0xff00ed10                do_xen_version
                0xff00ef18                __qdivrem
                0xff00f6c8                __divdi3
                0xff00f75c                __udivdi3
                0xff00f778                __umoddi3
                0xff00f79c                __moddi3
                0xff00f80c                parse_size_and_unit
                0xff00f93c                guest_remove_page
                0xff00fb34                do_memory_op
                0xff010330                do_multicall
                0xff010864                alloc_boot_pages
                0xff01098c                avail_domheap_pages
                0xff0109a4                free_heap_pages
                0xff010c94                free_xenheap_pages
                0xff010ce8                init_heap_pages
                0xff010d7c                init_domheap_pages
                0xff010e34                init_xenheap_pages
                0xff010eec                alloc_heap_pages
                0xff011144                alloc_xenheap_pages
                0xff011264                alloc_domheap_pages
                0xff01151c                end_boot_allocator
                0xff01194c                free_domheap_pages
                0xff011bc8                scrub_heap_pages
                0xff011d90                init_boot_pages
                0xff011e94                init_boot_allocator
                0xff011f1c                alloc_heap_range
                0xff012648                set_guest_pages
                0xff0128dc                rangeset_is_empty
                0xff0128f4                rangeset_domain_initialise
                0xff012928                rangeset_printk
                0xff012a08                rangeset_domain_printk
                0xff012a94                rangeset_contains_range
                0xff012b10                rangeset_contains_singleton
                0xff012b2c                rangeset_destroy
                0xff012b98                rangeset_domain_destroy
                0xff012c14                rangeset_remove_range
                0xff012e08                rangeset_remove_singleton
                0xff012e10                rangeset_add_range
                0xff01301c                rangeset_add_singleton
                0xff013024                rangeset_new
                0xff013284                waitq_comp
                0xff0132f8                runq_comp
                0xff014064                sedf_wake
                0xff015ff4                csched_vcpu_acct
                0xff016edc                vcpu_set_affinity
                0xff016ee0                sched_id
                0xff016ef0                sched_ctl
                0xff016f2c                dump_runq
                0xff017028                t_timer_fn
                0xff0170e4                do_set_timer_op
                0xff0171c0                schedule
                0xff017384                sched_rem_domain
                0xff0173c4                free_domain
                0xff017454                alloc_domain
                0xff01747c                vcpu_runstate_get
                0xff017620                do_sched_op_compat
                0xff0176a4                do_sched_op
                0xff017928                sched_add_domain
                0xff017a18                alloc_vcpu
                0xff017bb0                vcpu_wake
                0xff017d70                vcpu_sleep_nosync
                0xff017e9c                vcpu_sleep_sync
                0xff017fc0                context_saved
                0xff01800c                vcpu_force_reschedule
                0xff01809c                sched_adjdom
                0xff0181f0                get_irq_stat
                0xff018208                open_softirq
                0xff01821c                do_softirq
                0xff01827c                strnicmp
                0xff0183c4                strcpy
                0xff0183e0                strncpy
                0xff018448                strcat
                0xff018484                strncat
                0xff018548                strcmp
                0xff018580                strncmp
                0xff01865c                strlen
                0xff018684                strnlen
                0xff018700                strspn
                0xff018770                strpbrk
                0xff0187d4                strsep
                0xff01885c                memcmp
                0xff0188e4                memscan
                0xff018958                strstr
                0xff018a40                strlcpy
                0xff018a98                reprogram_timer
                0xff018c0c                set_timer
                0xff018d14                stop_timer
                0xff018de8                kill_timer
                0xff018e9c                simple_strtoul
                0xff019014                simple_strtol
                0xff01903c                simple_strtoull
                0xff019204                simple_strtoll
                0xff0196ac                vsscanf
                0xff019e50                sscanf
                0xff019e7c                vsnprintf
                0xff01a6a0                scnprintf
                0xff01a6dc                snprintf
                0xff01a708                vscnprintf
                0xff01a724                xfree
                0xff01a8f4                _xmalloc
                0xff01aa8c                xrealloc
                0xff01aadc                _spin_unlock
                0xff01aaf4                _spin_unlock_irq
                0xff01ab10                _spin_unlock_irqrestore
                0xff01ab2c                _spin_is_locked
                0xff01ab3c                _spin_trylock
                0xff01ab68                _spin_barrier
                0xff01ab80                _spin_barrier_irq
                0xff01aba4                _read_lock
                0xff01abc4                _read_lock_irq
                0xff01abe8                _read_lock_irqsave
                0xff01ac14                _read_unlock
                0xff01ac3c                _read_unlock_irq
                0xff01ac68                _read_unlock_irqrestore
                0xff01ac94                _write_lock
                0xff01acb8                _write_lock_irq
                0xff01ace0                _write_lock_irqsave
                0xff01ad10                _write_unlock
                0xff01ad28                _write_unlock_irq
                0xff01ad44                _write_unlock_irqrestore
                0xff01ad60                _rw_is_locked
                0xff01ad70                _spin_unlock_recursive
                0xff01adb4                _spin_lock_irqsave
                0xff01ae20                _spin_lock_irq
                0xff01ae80                _spin_lock
                0xff01aeb4                _spin_lock_recursive
 .text          0xff01aef8      0xb0c /home/nirvana/opensource/xen-arm/xen/drivers/built_in.o
                0xff01b048                serial_tx_space
                0xff01b080                serial_init_preirq
                0xff01b0d4                serial_init_postirq
                0xff01b128                serial_endboot
                0xff01b17c                serial_register_uart
                0xff01b1a8                serial_end_sync
                0xff01b1f4                serial_start_sync
                0xff01b2b4                serial_force_unlock
                0xff01b328                serial_set_rx_handler
                0xff01b3cc                serial_getc
                0xff01b4d0                serial_puts
                0xff01b5ac                serial_putc
                0xff01b648                serial_rx_interrupt
                0xff01b710                serial_parse_handle
                0xff01b788                serial_tx_interrupt
                0xff01b858                set_printk_prefix
                0xff01b868                init_console
                0xff01b884                __putstr
                0xff01b898                printf
                0xff01b994                do_console_io
 *fill*         0xff01ba04       0x1c 9090
 .text          0xff01ba20     0x7da4 /home/nirvana/opensource/xen-arm/xen/arch/arm/built_in.o
                0xff01ba20                gic_handle_cascade_irq
                0xff01ba24                gic_cascade_irq
                0xff01ba28                gic_raise_softirq
                0xff01ba40                gic_cpu_init
                0xff01ba88                gic_dist_init
                0xff01bd04                gic_unmask_irq
                0xff01bd5c                gic_mask_irq
                0xff01bdb4                gic_ack_irq
                0xff01be20                gic_set_cpu
                0xff01bed0                tegra250_timer_init
                0xff01bfa8                tegra_clockevent_interrupt
                0xff01bfe0                arch_context_switch
                0xff01c000                platform_halt
                0xff01c578                platform_secondary_init
                0xff01c588                platform_setup
                0xff01d494                wakeup_cpu
                0xff01d4e0                init_acm
                0xff01d4e8                register_decision_maker
                0xff01d4f0                get_guest_domain_address
                0xff01d524                create_guest_domain
                0xff01d678                start_xen
                0xff01dadc                arch_get_xen_caps
                0xff01db3c                register_memory_bank
                0xff01db9c                free_page_type
                0xff01dba0                put_page_type
                0xff01dba4                get_page_type
                0xff01dbac                inspect_guest_tables
                0xff01dbb4                load_contextid
                0xff01dbc0                do_update_va_mapping
                0xff01dbc8                arch_memory_op
                0xff01dbd0                steal_page_for_grant_transfer
                0xff01dc90                share_xen_page_with_guest
                0xff01ddbc                do_mmu_update
                0xff01df48                new_guest_ptbase
                0xff01dfd8                do_mmuext_op
                0xff01e51c                create_grant_host_mapping
                0xff01e738                destroy_grant_host_mapping
                0xff01e99c                enable_fiq
                0xff01e9a0                disable_fiq
                0xff01e9a4                do_set_foreground_domain
                0xff01e9b8                handle_event
                0xff01ea0c                handle_interrupts
                0xff01eb00                edge_irq_handler
                0xff01ec58                level_irq_handler
                0xff01ed60                set_irq_type
                0xff01edf0                do_set_irq_type
                0xff01edf4                set_irq_flags
                0xff01ee48                set_irq_chained_handler
                0xff01eecc                set_irq_handler
                0xff01ef38                set_irq_chip
                0xff01efa4                set_irq_chip_data
                0xff01f00c                setup_irq
                0xff01f148                do_set_HID_irq
                0xff01f184                pirq_guest_eoi
                0xff01f218                pirq_guest_unbind
                0xff01f350                pirq_guest_bind
                0xff01f4fc                arch_domain_destroy
                0xff01f500                continue_running
                0xff01f504                arch_do_vcpu_op
                0xff01f50c                start_idle_loop
                0xff01f54c                sync_vcpu_execstate
                0xff01f558                sync_lazy_execstate_mask
                0xff01f564                sync_lazy_execstate_cpu
                0xff01f570                dump_pageframe_info
                0xff01f57c                domain_relinquish_memory
                0xff01f588                free_perdomain_pt
                0xff01f594                hypercall_create_continuation
                0xff01f5b8                trace_domheap_pages
                0xff01f67c                context_switch
                0xff01f6c0                arch_set_info_guest
                0xff01f710                free_vcpu_struct
                0xff01f75c                alloc_vcpu_struct
                0xff01f784                arch_domain_create
                0xff01f888                relinquish_memory
                0xff01fb08                domain_relinquish_resources
                0xff01fb44                unmap_domain_page
                0xff01fb8c                map_domain_page
                0xff01fd44                update_vcpu_system_time
                0xff01fd48                do_settime
                0xff01fd4c                timer_tick
                0xff01fda0                elf_sanity_check
                0xff01fdfc                prepare_guest_tables
                0xff01fec8                new_thread
                0xff01ff58                construct_domain
                0xff0203f4                is_kernel_text
                0xff020420                kernel_text_end
                0xff02042c                do_prefetch_abort
                0xff020430                do_data_abort
                0xff020434                do_undefined_instruction
                0xff020438                trap_init
                0xff020498                do_set_trap_table
                0xff0204e8                do_set_callbacks
                0xff020538                show_registers
                0xff020698                __div0
                0xff0206a4                fixup_exception
                0xff0206c0                arch_getdomaininfo_ctxt
                0xff0206cc                arch_do_dom0_op
                0xff02090c                do_physdev_op
                0xff020aa0                exception_vectors_table
                0xff021000                return_to_guest
                0xff021100                switch_to
                0xff021140                hypercall_table
                0xff021220                do_acm_op
                0xff021224                do_set_domain
                0xff021228                do_iwmmxt_op
                0xff021260                do_cache_control
                0xff021290                do_sync_vcpu_state
                0xff0212c0                do_restore_trap_frame
                0xff02131c                do_set_alignment
                0xff02133c                fcse_set_pid
                0xff021344                fcse_get_pid
                0xff02134c                search_extable
                0xff0213b4                search_pre_extable
                0xff021444                machine_restart
                0xff021458                machine_halt
                0xff02146c                do_vfp_op
                0xff0214f8                do_set_tls
                0xff021500                detect_core
                0xff021508                __warn
                0xff02151c                panic
                0xff02158c                __bug
                0xff0215c0                c_backtrace
                0xff0215c4                smp_send_timer
                0xff021600                smp_send_event_check_mask
                0xff021638                secondary_cpu_boot_entry
                0xff0216d8                smp_init_cpus
                0xff0217c0                smp_cpu_sibling_map_setup
                0xff021860                smp_prepare_cpus
                0xff021970                prepare_boot_cpu
                0xff0219b8                do_IPI
                0xff021a44                v7_idle
                0xff021a44                cpu_idle
                0xff021a50                cpu_halt
                0xff021a50                v7_halt
                0xff021a54                v7_reset
                0xff021a54                cpu_reset
                0xff021a58                v7_get_ttb
                0xff021a58                cpu_get_ttb
                0xff021a60                cpu_switch_ttb
                0xff021a60                v7_switch_mm
                0xff021a88                cpu_flush_tlb_all
                0xff021a88                v7_flush_tlb_all
                0xff021ab0                cpu_flush_tlb_entry
                0xff021ab0                v7_flush_tlb_entry
                0xff021ad4                cpu_flush_tlb_range
                0xff021ad4                v7_flush_tlb_range
                0xff021b08                cpu_flush_cache_all
                0xff021b08                v7_flush_cache_all
                0xff021bac                v7_flush_cache_range
                0xff021bac                cpu_flush_cache_range
                0xff021bd4                v7_clean_cache_range
                0xff021bd4                cpu_clean_cache_range
                0xff021bfc                cpu_invalidate_dma_range
                0xff021bfc                v7_dma_inv_range
                0xff021c2c                cpu_clean_dma_range
                0xff021c2c                v7_dma_clean_range
                0xff021c5c                cpu_flush_dma_range
                0xff021c5c                v7_dma_flush_range
                0xff021c8c                cpu_coherent_range
                0xff021c8c                v7_coherent_cache_range
                0xff021cd0                v7_dma_flush_all
                0xff021cd0                cpu_dma_flush_all
                0xff021d6c                cpu_dma_clean_all
                0xff021d6c                v7_dma_clean_all
                0xff021e10                cpu_clear_page
                0xff021e18                cpu_copy_page
                0xff021e20                __do_div64
                0xff021f80                __memzero
                0xff022020                memset
                0xff0220c0                memcpy
                0xff022400                memchr
                0xff022420                strchr
                0xff022460                __udivsi3
                0xff022460                __aeabi_uidiv
                0xff022548                __umodsi3
                0xff022604                __aeabi_idiv
                0xff022604                __divsi3
                0xff02271c                __modsi3
                0xff0227f0                __aeabi_uidivmod
                0xff022808                __aeabi_idivmod
                0xff022830                _clear_bit_be
                0xff022834                _clear_bit_le
                0xff022860                _test_and_change_bit_be
                0xff022864                _test_and_change_bit_le
                0xff022898                _test_and_clear_bit_be
                0xff02289c                _test_and_clear_bit_le
                0xff0228d0                _test_and_set_bit_be
                0xff0228d4                _test_and_set_bit_le
                0xff022908                _set_bit_be
                0xff02290c                _set_bit_le
                0xff022938                _find_first_zero_bit_le
                0xff022964                _find_next_zero_bit_le
                0xff022990                _find_first_bit_le
                0xff0229bc                _find_next_bit_le
                0xff022a0c                __get_user_1
                0xff022a18                __get_user_2
                0xff022a2c                __get_user_4
                0xff022a38                __get_user_8
                0xff022a4c                __get_user_bad
                0xff022a58                __put_user_1
                0xff022a64                __put_user_2
                0xff022a78                __put_user_4
                0xff022a84                __put_user_8
                0xff022a94                __put_user_bad
                0xff022a9c                __muldi3
                0xff022ae8                __aeabi_ldivmod
                0xff022b6c                __arch_copy_to_user
                0xff022fa0                __arch_copy_from_user
                0xff0233b0                __arch_clear_user
                0xff023414                __ashldi3
                0xff023414                __aeabi_llsl
                0xff023430                __ashrdi3
                0xff023430                __aeabi_lasr
                0xff02344c                memmove
                0xff023794                __udelay
                0xff02379c                __const_udelay
                0xff0237b8                __delay
 *(.fixup)
 .fixup         0xff0237c4       0x28 /home/nirvana/opensource/xen-arm/xen/arch/arm/built_in.o
 *(.gnu.warning)

.glue_7         0xff0237ec        0x0
 .glue_7        0x00000000        0x0 linker stubs

.glue_7t        0xff0237ec        0x0
 .glue_7t       0x00000000        0x0 linker stubs

.vfp11_veneer   0xff0237ec        0x0
 .vfp11_veneer  0x00000000        0x0 linker stubs

.v4_bx          0xff0237ec        0x0
 .v4_bx         0x00000000        0x0 linker stubs

.init.text      0xff0237ec      0x40c
 .init.text     0xff0237ec      0x200 /home/nirvana/opensource/xen-arm/xen/common/built_in.o
                0xff023824                scheduler_init
                0xff02397c                timer_init
 .init.text     0xff0239ec      0x20c /home/nirvana/opensource/xen-arm/xen/arch/arm/built_in.o
                0xff023bc8                sort_extables

.rodata         0xff023bf8     0x1738
 *(.rodata)
 .rodata        0xff023bf8       0x5c /home/nirvana/opensource/xen-arm/xen/common/built_in.o
 *(.rodata.*)
 .rodata.str1.4
                0xff023c54      0xb82 /home/nirvana/opensource/xen-arm/xen/common/built_in.o
                                0xc8c (size before relaxing)
 *fill*         0xff0247d6        0x2 00
 .rodata.str1.4
                0xff0247d8       0x13 /home/nirvana/opensource/xen-arm/xen/drivers/built_in.o
                                 0x18 (size before relaxing)
 *fill*         0xff0247eb        0x1 00
 .rodata.str1.4
                0xff0247ec      0xb44 /home/nirvana/opensource/xen-arm/xen/arch/arm/built_in.o
                                0xc48 (size before relaxing)
                0xff025330                _etext = .

__ex_table      0xff025330       0x30
                0xff025330                . = ALIGN (0x1)
                0xff025330                PROVIDE (__start___ex_table, ABSOLUTE (.))
 __ex_table     0xff025330       0x30 /home/nirvana/opensource/xen-arm/xen/arch/arm/built_in.o
                0xff025360                PROVIDE (__stop___ex_table, .)
                0xff025360                . = ALIGN (0x20)
                0xff025360                _sextable = .

.extable        0xff025360      0x198
 *(.extable)
 .extable       0xff025360      0x198 /home/nirvana/opensource/xen-arm/xen/arch/arm/built_in.o
                0xff0254f8                _eextable = .
                0xff025500                . = ALIGN (0x20)
                0xff025500                _spreextable = .

.preextable
 *(.preextable)
                0xff025500                _epreextable = .
                0xff025500                _sdata = .

.data           0xff025500      0xc44
 *(.data)
 .data          0xff025500        0x0 tegra/start.o
 .data          0xff025500      0x254 /home/nirvana/opensource/xen-arm/xen/common/built_in.o
                0xff02550c                _ctype
                0xff02561c                page_scrub_list
                0xff025688                sched_sedf_def
                0xff0256e0                sched_credit_def
 .data          0xff025754       0xe0 /home/nirvana/opensource/xen-arm/xen/drivers/built_in.o
                0xff025828                console_lock
 *fill*         0xff025834        0xc 00
 .data          0xff025840      0x904 /home/nirvana/opensource/xen-arm/xen/arch/arm/built_in.o
                0xff025a40                tegra250_core_map
                0xff025a60                domain_partitions
                0xff025ae0                dom_xen
                0xff025e00                dom_io
                0xff026120                exception_table_vector
                0xff026124                shared_info_vector
                0xff026128                mapcache_table_vector
                0xff026140                loops_per_jiffy
                0xff026144                _edata = .
                0xff026144                __init_begin = .

.init.setup     0xff026144       0x10
 .init.setup    0xff026144       0x10 /home/nirvana/opensource/xen-arm/xen/common/built_in.o

.init.data      0xff026154        0x8
 .init.data     0xff026154        0x8 /home/nirvana/opensource/xen-arm/xen/common/built_in.o

.text.init
 *(.text.init)

.data.init
 *(.data.init)
                0xff02615c                __setup_start = .

.setup.init
 *(.setup.init)
                0xff02615c                __setup_end = .
                0xff02615c                . = ALIGN (0x4)
                0xff02615c                __initcall_start = .

.initcall.init  0xff02615c       0x10
 *(.initcall.init)
 .initcall.init
                0xff02615c        0x8 /home/nirvana/opensource/xen-arm/xen/common/built_in.o
 .initcall.init
                0xff026164        0x8 /home/nirvana/opensource/xen-arm/xen/arch/arm/built_in.o
                0xff02616c                __initcall_end = .
                0xff02616c                __init_end = .
                0xff027000                . = ALIGN (0x1000)
                0xff027000                _sbss = .

.bss            0xff027000    0x1887c
 *(.bss.stack_aligned)
 .bss.stack_aligned
                0xff027000    0x10000 tegra/start.o
 *(.bss.page_aligned)
 .bss.page_aligned
                0xff037000     0x1000 /home/nirvana/opensource/xen-arm/xen/arch/arm/built_in.o
                0xff037000                page_table
 *(.bss)
 .bss           0xff038000        0x0 tegra/start.o
 .bss           0xff038000      0x920 /home/nirvana/opensource/xen-arm/xen/common/built_in.o
                0xff038000                dom0
                0xff038004                domlist_lock
                0xff038008                domain_list
                0xff03800c                domain_hash
                0xff038414                tainted
                0xff038420                mc_state
                0xff0384b0                heap
                0xff0387c0                schedule_data
                0xff038880                irq_stat
                0xff038900                timers
 .bss           0xff038920      0x400 /home/nirvana/opensource/xen-arm/xen/drivers/built_in.o
 .bss           0xff038d20     0x6b5c /home/nirvana/opensource/xen-arm/xen/arch/arm/built_in.o
                0xff038d30                gic_cpu_base_addr
                0xff038d64                tegra250
                0xff038d80                system_memory
                0xff038db4                xenheap_phys_start
                0xff038db8                xenheap_phys_end
                0xff038dbc                idle_domain
                0xff038dc0                min_page
                0xff038dc4                max_page
                0xff038e20                frame_table
                0xff038e24                total_pages
                0xff038e40                foreground_domain
                0xff038e44                irq_desc
                0xff03f660                mapcache
                0xff03f7c0                jiffies64
                0xff03f860                cpu_online_map
                0xff03f864                cpu_possible_map
                0xff03f868                cpu_present_map
                0xff03f86c                cpu_sibling_map
                0xff03f874                cpu_core_map
                0xff03f87c                _ebss = .
                0xff03f87c                _end = .

/DISCARD/
 *(.text.exit)
 *(.data.exit)
 *(.exitcall.exit)

.stab
 *(.stab)

.stabstr
 *(.stabstr)

.stab.excl
 *(.stab.excl)

.stab.exclstr
 *(.stab.exclstr)

.stab.index
 *(.stab.index)

.stab.indexstr
 *(.stab.indexstr)

.ARM.attributes
                0x00000000       0x29
 .ARM.attributes
                0x00000000       0x1d tegra/start.o
 .ARM.attributes
                0x0000001d       0x2d /home/nirvana/opensource/xen-arm/xen/common/built_in.o
 .ARM.attributes
                0x0000004a       0x2d /home/nirvana/opensource/xen-arm/xen/drivers/built_in.o
 .ARM.attributes
                0x00000077       0x2b /home/nirvana/opensource/xen-arm/xen/arch/arm/built_in.o

.note.GNU-stack
                0x00000000        0x0
 .note.GNU-stack
                0x00000000        0x0 /home/nirvana/opensource/xen-arm/xen/common/built_in.o
 .note.GNU-stack
                0x00000000        0x0 /home/nirvana/opensource/xen-arm/xen/drivers/built_in.o
 .note.GNU-stack
                0x00000000        0x0 /home/nirvana/opensource/xen-arm/xen/arch/arm/built_in.o

.comment        0x00000000      0x7b6
 *(.comment)
 .comment       0x00000000      0x372 /home/nirvana/opensource/xen-arm/xen/common/built_in.o
 .comment       0x00000372       0x54 /home/nirvana/opensource/xen-arm/xen/drivers/built_in.o
 .comment       0x000003c6      0x3f0 /home/nirvana/opensource/xen-arm/xen/arch/arm/built_in.o
LOAD tegra/start.o
LOAD /home/nirvana/opensource/xen-arm/xen/common/built_in.o
LOAD /home/nirvana/opensource/xen-arm/xen/drivers/built_in.o
LOAD /home/nirvana/opensource/xen-arm/xen/arch/arm/built_in.o
OUTPUT(/home/nirvana/opensource/xen-arm/xen/xen elf32-littlearm)

.debug_line     0x00000000     0xb45b
 .debug_line    0x00000000       0xf9 tegra/start.o
 .debug_line    0x000000f9     0x6cb6 /home/nirvana/opensource/xen-arm/xen/common/built_in.o
 .debug_line    0x00006daf      0x4cd /home/nirvana/opensource/xen-arm/xen/drivers/built_in.o
 .debug_line    0x0000727c     0x41df /home/nirvana/opensource/xen-arm/xen/arch/arm/built_in.o

.debug_info     0x00000000    0x38220
 .debug_info    0x00000000       0x65 tegra/start.o
 .debug_info    0x00000065    0x21585 /home/nirvana/opensource/xen-arm/xen/common/built_in.o
 .debug_info    0x000215ea     0x18c5 /home/nirvana/opensource/xen-arm/xen/drivers/built_in.o
 .debug_info    0x00022eaf    0x15371 /home/nirvana/opensource/xen-arm/xen/arch/arm/built_in.o

.debug_abbrev   0x00000000     0x8405
 .debug_abbrev  0x00000000       0x14 tegra/start.o
 .debug_abbrev  0x00000014     0x45a6 /home/nirvana/opensource/xen-arm/xen/common/built_in.o
 .debug_abbrev  0x000045ba      0x4c2 /home/nirvana/opensource/xen-arm/xen/drivers/built_in.o
 .debug_abbrev  0x00004a7c     0x3989 /home/nirvana/opensource/xen-arm/xen/arch/arm/built_in.o

.debug_aranges  0x00000000      0x948
 .debug_aranges
                0x00000000       0x20 tegra/start.o
 .debug_aranges
                0x00000020      0x2c0 /home/nirvana/opensource/xen-arm/xen/common/built_in.o
 .debug_aranges
                0x000002e0       0x40 /home/nirvana/opensource/xen-arm/xen/drivers/built_in.o
 .debug_aranges
                0x00000320      0x628 /home/nirvana/opensource/xen-arm/xen/arch/arm/built_in.o

.debug_pubnames
                0x00000000     0x1f91
 .debug_pubnames
                0x00000000     0x1084 /home/nirvana/opensource/xen-arm/xen/common/built_in.o
 .debug_pubnames
                0x00001084      0x1c9 /home/nirvana/opensource/xen-arm/xen/drivers/built_in.o
 .debug_pubnames
                0x0000124d      0xd44 /home/nirvana/opensource/xen-arm/xen/arch/arm/built_in.o

.debug_frame    0x00000000     0x3284
 .debug_frame   0x00000000     0x1ec0 /home/nirvana/opensource/xen-arm/xen/common/built_in.o
 .debug_frame   0x00001ec0      0x2b8 /home/nirvana/opensource/xen-arm/xen/drivers/built_in.o
 .debug_frame   0x00002178     0x110c /home/nirvana/opensource/xen-arm/xen/arch/arm/built_in.o

.debug_str      0x00000000     0x5388
 .debug_str     0x00000000     0x38bf /home/nirvana/opensource/xen-arm/xen/common/built_in.o
                               0xc0be (size before relaxing)
 .debug_str     0x000038bf      0x229 /home/nirvana/opensource/xen-arm/xen/drivers/built_in.o
                                0xcd6 (size before relaxing)
 .debug_str     0x00003ae8     0x18a0 /home/nirvana/opensource/xen-arm/xen/arch/arm/built_in.o
                               0xa53d (size before relaxing)

.debug_loc      0x00000000    0x116e0
 .debug_loc     0x00000000     0xd2fa /home/nirvana/opensource/xen-arm/xen/common/built_in.o
 .debug_loc     0x0000d2fa      0x68a /home/nirvana/opensource/xen-arm/xen/drivers/built_in.o
 .debug_loc     0x0000d984     0x3d5c /home/nirvana/opensource/xen-arm/xen/arch/arm/built_in.o

.debug_ranges   0x00000000     0x5600
 .debug_ranges  0x00000000     0x4750 /home/nirvana/opensource/xen-arm/xen/common/built_in.o
 .debug_ranges  0x00004750      0xeb0 /home/nirvana/opensource/xen-arm/xen/arch/arm/built_in.o
